src/sections/AboutFullPage.tsx(141,61): error TS1005: ';' expected.
src/sections/AboutFullPage.tsx(141,79): error TS1443: Module declaration names may only use ' or " quoted strings.
src/sections/AboutFullPage.tsx(382,31): error TS1434: Unexpected keyword or identifier.
src/sections/AboutFullPage.tsx(382,40): error TS1434: Unexpected keyword or identifier.
src/sections/AboutFullPage.tsx(430,33): error TS1005: ';' expected.
src/sections/AboutFullPage.tsx(430,42): error TS1434: Unexpected keyword or identifier.
src/sections/AboutFullPage.tsx(430,56): error TS1005: ';' expected.
src/sections/AboutFullPage.tsx(430,63): error TS1005: ';' expected.
src/sections/AboutFullPage.tsx(430,74): error TS1351: An identifier or keyword cannot immediately follow a numeric literal.
src/sections/AboutFullPage.tsx(430,78): error TS1005: ';' expected.
src/sections/AboutFullPage.tsx(430,82): error TS1005: ';' expected.
src/sections/AboutFullPage.tsx(430,90): error TS1005: ';' expected.
src/sections/AboutFullPage.tsx(430,106): error TS1005: ';' expected.
src/sections/AboutFullPage.tsx(430,122): error TS1434: Unexpected keyword or identifier.
src/sections/AboutFullPage.tsx(430,138): error TS1351: An identifier or keyword cannot immediately follow a numeric literal.
src/sections/AboutFullPage.tsx(434,41): error TS1005: ';' expected.
src/sections/AboutFullPage.tsx(434,49): error TS1351: An identifier or keyword cannot immediately follow a numeric literal.
src/sections/AboutFullPage.tsx(434,53): error TS1005: ';' expected.
src/sections/AboutFullPage.tsx(434,63): error TS1005: ';' expected.
src/sections/AboutFullPage.tsx(434,83): error TS1434: Unexpected keyword or identifier.
src/sections/AboutFullPage.tsx(435,40): error TS1005: ';' expected.
src/sections/AboutFullPage.tsx(435,44): error TS1351: An identifier or keyword cannot immediately follow a numeric literal.
src/sections/AboutFullPage.tsx(435,48): error TS1005: ';' expected.
src/sections/AboutFullPage.tsx(435,55): error TS1005: ';' expected.
src/sections/AboutFullPage.tsx(439,38): error TS1005: ';' expected.
src/sections/AboutFullPage.tsx(439,45): error TS1005: ';' expected.
src/sections/AboutFullPage.tsx(439,59): error TS1005: ';' expected.
src/sections/AboutFullPage.tsx(441,41): error TS1005: ';' expected.
src/sections/AboutFullPage.tsx(441,49): error TS1351: An identifier or keyword cannot immediately follow a numeric literal.
src/sections/AboutFullPage.tsx(441,53): error TS1005: ';' expected.
src/sections/AboutFullPage.tsx(441,64): error TS1351: An identifier or keyword cannot immediately follow a numeric literal.
src/sections/AboutFullPage.tsx(441,68): error TS1005: ';' expected.
src/sections/AboutFullPage.tsx(441,78): error TS1005: ';' expected.
src/sections/AboutFullPage.tsx(441,83): error TS1005: ';' expected.
src/sections/AboutFullPage.tsx(441,97): error TS1005: ';' expected.
src/sections/AboutFullPage.tsx(441,112): error TS1005: ';' expected.
src/sections/AboutFullPage.tsx(444,40): error TS1005: ';' expected.
src/sections/AboutFullPage.tsx(444,48): error TS1351: An identifier or keyword cannot immediately follow a numeric literal.
src/sections/AboutFullPage.tsx(444,52): error TS1005: ';' expected.
src/sections/AboutFullPage.tsx(444,66): error TS1005: ';' expected.
src/sections/AboutFullPage.tsx(444,72): error TS1005: ';' expected.
src/sections/AboutFullPage.tsx(444,82): error TS1351: An identifier or keyword cannot immediately follow a numeric literal.
src/sections/AboutFullPage.tsx(444,86): error TS1005: ';' expected.
src/sections/AboutFullPage.tsx(447,49): error TS1005: ';' expected.
src/sections/AboutFullPage.tsx(447,57): error TS1351: An identifier or keyword cannot immediately follow a numeric literal.
src/sections/AboutFullPage.tsx(447,61): error TS1005: ';' expected.
src/sections/AboutFullPage.tsx(447,71): error TS1005: ';' expected.
src/sections/AboutFullPage.tsx(447,96): error TS1005: ';' expected.
src/sections/AboutFullPage.tsx(447,126): error TS1351: An identifier or keyword cannot immediately follow a numeric literal.
src/sections/AboutFullPage.tsx(447,130): error TS1005: ';' expected.
src/sections/AboutFullPage.tsx(447,143): error TS1005: ';' expected.
src/sections/AboutFullPage.tsx(447,162): error TS1005: ';' expected.
src/sections/AboutFullPage.tsx(447,179): error TS1005: ';' expected.
src/sections/AboutFullPage.tsx(468,42): error TS1005: ';' expected.
src/sections/AboutFullPage.tsx(468,49): error TS1005: ';' expected.
src/sections/AboutFullPage.tsx(468,56): error TS1005: ';' expected.
src/sections/AboutFullPage.tsx(468,70): error TS1351: An identifier or keyword cannot immediately follow a numeric literal.
src/sections/AboutFullPage.tsx(468,74): error TS1005: ';' expected.
src/sections/AboutFullPage.tsx(472,42): error TS1005: ';' expected.
src/sections/AboutFullPage.tsx(472,49): error TS1005: ';' expected.
src/sections/AboutFullPage.tsx(472,56): error TS1005: ';' expected.
src/sections/AboutFullPage.tsx(472,70): error TS1351: An identifier or keyword cannot immediately follow a numeric literal.
src/sections/AboutFullPage.tsx(472,74): error TS1005: ';' expected.
src/sections/AboutFullPage.tsx(477,42): error TS1005: ';' expected.
src/sections/AboutFullPage.tsx(477,47): error TS1351: An identifier or keyword cannot immediately follow a numeric literal.
src/sections/AboutFullPage.tsx(477,51): error TS1005: ';' expected.
src/sections/AboutFullPage.tsx(477,56): error TS1351: An identifier or keyword cannot immediately follow a numeric literal.
src/sections/AboutFullPage.tsx(477,60): error TS1005: ';' expected.
src/sections/AboutFullPage.tsx(477,73): error TS1005: ';' expected.
src/sections/AboutFullPage.tsx(477,91): error TS1005: ';' expected.
src/sections/AboutFullPage.tsx(477,106): error TS1005: ';' expected.
src/sections/AboutFullPage.tsx(477,121): error TS1005: ';' expected.
src/sections/AboutFullPage.tsx(477,134): error TS1005: ';' expected.
src/sections/AboutFullPage.tsx(477,145): error TS1005: ';' expected.
src/sections/AboutFullPage.tsx(477,156): error TS1005: ';' expected.
src/sections/AboutFullPage.tsx(477,166): error TS1005: ';' expected.
src/sections/AboutFullPage.tsx(493,1): error TS1160: Unterminated template literal.
